[  444295ms] [ERROR] Failed to load resource: net::ERR_CONNECTION_RESET @ https://annualreport.haycarb.com/frames/frame_0062.webp:0
[  444374ms] [ERROR] Failed to load resource: net::ERR_CONNECTION_RESET @ https://annualreport.haycarb.com/frames/frame_0060.webp:0
[  444411ms] [ERROR] Failed to load resource: net::ERR_CONNECTION_RESET @ https://annualreport.haycarb.com/frames/frame_0059.webp:0
[  445105ms] [ERROR] Failed to load resource: net::ERR_CONNECTION_RESET @ https://annualreport.haycarb.com/frames/frame_0057.webp:0
[  447155ms] [ERROR] Failed to load resource: net::ERR_CONNECTION_RESET @ https://annualreport.haycarb.com/frames/frame_0061.webp:0
[  839277ms] [ERROR] Failed to load resource: net::ERR_NETWORK_CHANGED @ https://annualreport.haycarb.com/frames/frame_0235.webp:0
[  839280ms] [ERROR] Failed to load resource: net::ERR_NETWORK_CHANGED @ https://annualreport.haycarb.com/frames/frame_0239.webp:0
[  839280ms] [ERROR] Failed to load resource: net::ERR_NETWORK_CHANGED @ https://annualreport.haycarb.com/frames/frame_0238.webp:0
[  839280ms] [ERROR] Failed to load resource: net::ERR_NETWORK_CHANGED @ https://annualreport.haycarb.com/frames/frame_0242.webp:0
[  839280ms] [ERROR] Failed to load resource: net::ERR_NETWORK_CHANGED @ https://annualreport.haycarb.com/frames/frame_0241.webp:0
[  839280ms] [ERROR] Failed to load resource: net::ERR_NETWORK_CHANGED @ https://annualreport.haycarb.com/frames/frame_0240.webp:0
[  839280ms] [ERROR] Failed to load resource: net::ERR_NETWORK_CHANGED @ https://annualreport.haycarb.com/frames/frame_0244.webp:0
[  839280ms] [ERROR] Failed to load resource: net::ERR_NETWORK_CHANGED @ https://annualreport.haycarb.com/frames/frame_0243.webp:0
[  839280ms] [ERROR] Failed to load resource: net::ERR_NETWORK_CHANGED @ https://annualreport.haycarb.com/frames/frame_0247.webp:0
[  839285ms] [ERROR] Failed to load resource: net::ERR_NETWORK_CHANGED @ https://annualreport.haycarb.com/frames/frame_0246.webp:0
[  839286ms] [ERROR] Failed to load resource: net::ERR_NETWORK_CHANGED @ https://annualreport.haycarb.com/frames/frame_0245.webp:0
[  839287ms] [ERROR] Failed to load resource: net::ERR_NETWORK_CHANGED @ https://annualreport.haycarb.com/frames/frame_0250.webp:0
[  839287ms] [ERROR] Failed to load resource: net::ERR_NETWORK_CHANGED @ https://annualreport.haycarb.com/frames/frame_0249.webp:0
[  839288ms] [ERROR] Failed to load resource: net::ERR_NETWORK_CHANGED @ https://annualreport.haycarb.com/frames/frame_0248.webp:0
[  839304ms] [ERROR] Failed to load resource: net::ERR_NETWORK_CHANGED @ https://annualreport.haycarb.com/frames/frame_0229.webp:0
[  839305ms] [ERROR] Failed to load resource: net::ERR_NETWORK_CHANGED @ https://annualreport.haycarb.com/frames/frame_0227.webp:0
[  839306ms] [ERROR] Failed to load resource: net::ERR_NETWORK_CHANGED @ https://annualreport.haycarb.com/frames/frame_0233.webp:0
[  839307ms] [ERROR] Failed to load resource: net::ERR_NETWORK_CHANGED @ https://annualreport.haycarb.com/frames/frame_0232.webp:0
[  839308ms] [ERROR] Failed to load resource: net::ERR_NETWORK_CHANGED @ https://annualreport.haycarb.com/frames/frame_0237.webp:0
[  839309ms] [ERROR] Failed to load resource: net::ERR_NETWORK_CHANGED @ https://annualreport.haycarb.com/frames/frame_0236.webp:0
[  839310ms] [ERROR] Failed to load resource: net::ERR_NETWORK_CHANGED @ https://annualreport.haycarb.com/audio/08-financial/gearing-ratio.mp3:0
[  839534ms] [ERROR] Failed to load resource: net::ERR_NETWORK_CHANGED @ https://annualreport.haycarb.com/frames/frame_0238.webp:0
[  839731ms] [ERROR] Failed to load resource: net::ERR_NETWORK_CHANGED @ https://annualreport.haycarb.com/frames/frame_0239.webp:0
[  839732ms] [ERROR] Failed to load resource: net::ERR_NETWORK_CHANGED @ https://annualreport.haycarb.com/frames/frame_0240.webp:0
[  839732ms] [ERROR] Failed to load resource: net::ERR_NETWORK_CHANGED @ https://annualreport.haycarb.com/frames/frame_0241.webp:0
[  839746ms] [ERROR] Failed to load resource: net::ERR_NETWORK_CHANGED @ https://annualreport.haycarb.com/frames/frame_0242.webp:0
[  839747ms] [ERROR] Failed to load resource: net::ERR_NETWORK_CHANGED @ https://annualreport.haycarb.com/frames/frame_0243.webp:0
[  839747ms] [ERROR] Failed to load resource: net::ERR_NETWORK_CHANGED @ https://annualreport.haycarb.com/frames/frame_0244.webp:0
[  841126ms] [ERROR] Failed to load resource: net::ERR_NETWORK_CHANGED @ https://annualreport.haycarb.com/frames/frame_0246.webp:0
[  841127ms] [ERROR] Failed to load resource: net::ERR_NETWORK_CHANGED @ https://annualreport.haycarb.com/frames/frame_0250.webp:0
[  841127ms] [ERROR] Failed to load resource: net::ERR_NETWORK_CHANGED @ https://annualreport.haycarb.com/frames/frame_0247.webp:0
[  841128ms] [ERROR] Failed to load resource: net::ERR_NETWORK_CHANGED @ https://annualreport.haycarb.com/frames/frame_0245.webp:0
[  841128ms] [ERROR] Failed to load resource: net::ERR_NETWORK_CHANGED @ https://annualreport.haycarb.com/frames/frame_0248.webp:0
[  841128ms] [ERROR] Failed to load resource: net::ERR_NETWORK_CHANGED @ https://annualreport.haycarb.com/frames/frame_0249.webp:0
[  841249ms] [ERROR] Failed to load resource: net::ERR_NETWORK_CHANGED @ https://annualreport.haycarb.com/images/fav.png:0
[  841397ms] [ERROR] Failed to load resource: net::ERR_NETWORK_CHANGED @ https://annualreport.haycarb.com/images/fav.png:0
[  841401ms] [ERROR] Failed to load resource: net::ERR_NETWORK_CHANGED @ https://annualreport.haycarb.com/images/fav.png:0
[  852487ms] [ERROR] Failed to load resource: net::ERR_CONNECTION_RESET @ https://annualreport.haycarb.com/hero/intro.mp4:0
[  853880ms] [ERROR] Failed to load resource: net::ERR_NETWORK_CHANGED @ https://annualreport.haycarb.com/frames/frame_0297.webp:0
[  853880ms] [ERROR] Failed to load resource: net::ERR_NETWORK_CHANGED @ https://annualreport.haycarb.com/frames/frame_0298.webp:0
[  853881ms] [ERROR] Failed to load resource: net::ERR_NETWORK_CHANGED @ https://annualreport.haycarb.com/frames/frame_0299.webp:0
[  853881ms] [ERROR] Failed to load resource: net::ERR_NETWORK_CHANGED @ https://annualreport.haycarb.com/frames/frame_0300.webp:0
[  853881ms] [ERROR] Failed to load resource: net::ERR_NETWORK_CHANGED @ https://annualreport.haycarb.com/frames/frame_0301.webp:0
[  853882ms] [ERROR] Failed to load resource: net::ERR_NETWORK_CHANGED @ https://annualreport.haycarb.com/hero/intro.mp4:0
[  853882ms] [ERROR] Failed to load resource: net::ERR_NETWORK_CHANGED @ https://annualreport.haycarb.com/frames/frame_0296.webp:0
[  854072ms] [ERROR] Failed to load resource: net::ERR_NETWORK_CHANGED @ https://annualreport.haycarb.com/frames/frame_0302.webp:0
[  855728ms] [ERROR] Failed to load resource: net::ERR_NETWORK_CHANGED @ https://annualreport.haycarb.com/hero/intro.mp4:0
[  855728ms] [ERROR] Failed to load resource: net::ERR_NETWORK_CHANGED @ https://annualreport.haycarb.com/frames/frame_0306.webp:0
[  855728ms] [ERROR] Failed to load resource: net::ERR_NETWORK_CHANGED @ https://annualreport.haycarb.com/frames/frame_0304.webp:0
[  855729ms] [ERROR] Failed to load resource: net::ERR_NETWORK_CHANGED @ https://annualreport.haycarb.com/frames/frame_0307.webp:0
[  855730ms] [ERROR] Failed to load resource: net::ERR_NETWORK_CHANGED @ https://annualreport.haycarb.com/frames/frame_0308.webp:0
[  855730ms] [ERROR] Failed to load resource: net::ERR_NETWORK_CHANGED @ https://annualreport.haycarb.com/frames/frame_0303.webp:0
[  855731ms] [ERROR] Failed to load resource: net::ERR_NETWORK_CHANGED @ https://annualreport.haycarb.com/frames/frame_0305.webp:0
[  855935ms] [ERROR] Failed to load resource: net::ERR_NETWORK_CHANGED @ https://annualreport.haycarb.com/frames/frame_0309.webp:0
[  857446ms] [ERROR] Failed to load resource: net::ERR_NETWORK_CHANGED @ https://annualreport.haycarb.com/frames/frame_0312.webp:0
[  857447ms] [ERROR] Failed to load resource: net::ERR_NETWORK_CHANGED @ https://annualreport.haycarb.com/frames/frame_0314.webp:0
[  857447ms] [ERROR] Failed to load resource: net::ERR_NETWORK_CHANGED @ https://annualreport.haycarb.com/frames/frame_0315.webp:0
[  857448ms] [ERROR] Failed to load resource: net::ERR_NETWORK_CHANGED @ https://annualreport.haycarb.com/hero/intro.mp4:0
[  857448ms] [ERROR] Failed to load resource: net::ERR_NETWORK_CHANGED @ https://annualreport.haycarb.com/frames/frame_0311.webp:0
[  857449ms] [ERROR] Failed to load resource: net::ERR_NETWORK_CHANGED @ https://annualreport.haycarb.com/frames/frame_0310.webp:0
[  857460ms] [ERROR] Failed to load resource: net::ERR_NETWORK_CHANGED @ https://annualreport.haycarb.com/frames/frame_0313.webp:0
[ 1009069ms] [ERROR] Failed to load resource: the server responded with a status of 404 () @ https://annualreport.haycarb.com/frames-mobile/frame_0001.webp:0
[ 1010492ms] [WARNING] Allow attribute will take precedence over 'allowfullscreen'. @ https://annualreport.haycarb.com/:0
[ 1014188ms] [ERROR] Failed to load resource: the server responded with a status of 404 () @ https://annualreport.haycarb.com/frames-mobile/frame_0001.webp:0
[ 1058419ms] [ERROR] Failed to load resource: net::ERR_NETWORK_CHANGED @ https://annualreport.haycarb.com/frames/frame_0241.webp:0
[ 1058419ms] [ERROR] Failed to load resource: net::ERR_NETWORK_CHANGED @ https://annualreport.haycarb.com/frames/frame_0242.webp:0
[ 1058419ms] [ERROR] Failed to load resource: net::ERR_NETWORK_CHANGED @ https://annualreport.haycarb.com/frames/frame_0243.webp:0
[ 1058419ms] [ERROR] Failed to load resource: net::ERR_NETWORK_CHANGED @ https://annualreport.haycarb.com/frames-mobile/frame_0033.webp:0
[ 1058419ms] [ERROR] Failed to load resource: net::ERR_NETWORK_CHANGED @ https://annualreport.haycarb.com/frames/frame_0245.webp:0
[ 1058419ms] [ERROR] Failed to load resource: net::ERR_NETWORK_CHANGED @ https://annualreport.haycarb.com/frames-mobile/frame_0038.webp:0
[ 1058419ms] [ERROR] Failed to load resource: net::ERR_NETWORK_CHANGED @ https://annualreport.haycarb.com/frames/frame_0246.webp:0
[ 1058419ms] [ERROR] Failed to load resource: net::ERR_NETWORK_CHANGED @ https://annualreport.haycarb.com/frames/frame_0247.webp:0
[ 1058419ms] [ERROR] Failed to load resource: net::ERR_NETWORK_CHANGED @ https://annualreport.haycarb.com/frames/frame_0248.webp:0
[ 1058419ms] [ERROR] Failed to load resource: net::ERR_NETWORK_CHANGED @ https://annualreport.haycarb.com/frames/frame_0249.webp:0
[ 1058420ms] [ERROR] Failed to load resource: net::ERR_NETWORK_CHANGED @ https://annualreport.haycarb.com/frames-mobile/frame_0036.webp:0
[ 1058420ms] [ERROR] Failed to load resource: net::ERR_NETWORK_CHANGED @ https://annualreport.haycarb.com/frames-mobile/frame_0012.webp:0
[ 1058421ms] [ERROR] Failed to load resource: net::ERR_NETWORK_CHANGED @ https://annualreport.haycarb.com/frames-mobile/frame_0013.webp:0
[ 1058421ms] [ERROR] Failed to load resource: net::ERR_NETWORK_CHANGED @ https://annualreport.haycarb.com/frames-mobile/frame_0014.webp:0
[ 1058422ms] [ERROR] Failed to load resource: net::ERR_NETWORK_CHANGED @ https://annualreport.haycarb.com/frames-mobile/frame_0015.webp:0
[ 1058422ms] [ERROR] Failed to load resource: net::ERR_NETWORK_CHANGED @ https://annualreport.haycarb.com/frames-mobile/frame_0020.webp:0
[ 1058423ms] [ERROR] Failed to load resource: net::ERR_NETWORK_CHANGED @ https://annualreport.haycarb.com/audio/08-financial/gearing-ratio.mp3:0
[ 1058423ms] [ERROR] Failed to load resource: net::ERR_NETWORK_CHANGED @ https://annualreport.haycarb.com/frames/frame_0229.webp:0
[ 1058424ms] [ERROR] Failed to load resource: net::ERR_NETWORK_CHANGED @ https://annualreport.haycarb.com/frames/frame_0232.webp:0
[ 1058424ms] [ERROR] Failed to load resource: net::ERR_NETWORK_CHANGED @ https://annualreport.haycarb.com/frames-mobile/frame_0049.webp:0
[ 1058424ms] [ERROR] Failed to load resource: net::ERR_NETWORK_CHANGED @ https://annualreport.haycarb.com/frames/frame_0233.webp:0
[ 1058424ms] [ERROR] Failed to load resource: net::ERR_NETWORK_CHANGED @ https://annualreport.haycarb.com/frames-mobile/frame_0027.webp:0
[ 1058440ms] [ERROR] Failed to load resource: net::ERR_NETWORK_CHANGED @ https://annualreport.haycarb.com/frames-mobile/frame_0044.webp:0
[ 1058440ms] [ERROR] Failed to load resource: net::ERR_NETWORK_CHANGED @ https://annualreport.haycarb.com/frames/frame_0244.webp:0
[ 1058440ms] [ERROR] Failed to load resource: net::ERR_NETWORK_CHANGED @ https://annualreport.haycarb.com/frames/frame_0250.webp:0
[ 1058440ms] [ERROR] Failed to load resource: net::ERR_NETWORK_CHANGED @ https://annualreport.haycarb.com/frames-mobile/frame_0002.webp:0
[ 1058441ms] [ERROR] Failed to load resource: net::ERR_NETWORK_CHANGED @ https://annualreport.haycarb.com/frames-mobile/frame_0003.webp:0
[ 1058441ms] [ERROR] Failed to load resource: net::ERR_NETWORK_CHANGED @ https://annualreport.haycarb.com/frames-mobile/frame_0004.webp:0
[ 1058441ms] [ERROR] Failed to load resource: net::ERR_NETWORK_CHANGED @ https://annualreport.haycarb.com/frames-mobile/frame_0005.webp:0
[ 1058441ms] [ERROR] Failed to load resource: net::ERR_NETWORK_CHANGED @ https://annualreport.haycarb.com/frames-mobile/frame_0008.webp:0
[ 1058442ms] [ERROR] Failed to load resource: net::ERR_NETWORK_CHANGED @ https://annualreport.haycarb.com/frames-mobile/frame_0009.webp:0
[ 1058442ms] [ERROR] Failed to load resource: net::ERR_NETWORK_CHANGED @ https://annualreport.haycarb.com/frames-mobile/frame_0010.webp:0
[ 1058445ms] [ERROR] Failed to load resource: net::ERR_NETWORK_CHANGED @ https://annualreport.haycarb.com/frames-mobile/frame_0011.webp:0
[ 1058445ms] [ERROR] Failed to load resource: net::ERR_NETWORK_CHANGED @ https://annualreport.haycarb.com/frames-mobile/frame_0016.webp:0
[ 1058446ms] [ERROR] Failed to load resource: net::ERR_NETWORK_CHANGED @ https://annualreport.haycarb.com/frames-mobile/frame_0017.webp:0
[ 1058446ms] [ERROR] Failed to load resource: net::ERR_NETWORK_CHANGED @ https://annualreport.haycarb.com/frames-mobile/frame_0018.webp:0
[ 1058446ms] [ERROR] Failed to load resource: net::ERR_NETWORK_CHANGED @ https://annualreport.haycarb.com/frames-mobile/frame_0019.webp:0
[ 1058446ms] [ERROR] Failed to load resource: net::ERR_NETWORK_CHANGED @ https://annualreport.haycarb.com/frames/frame_0236.webp:0
[ 1058447ms] [ERROR] Failed to load resource: net::ERR_NETWORK_CHANGED @ https://annualreport.haycarb.com/frames/frame_0237.webp:0
[ 1058447ms] [ERROR] Failed to load resource: net::ERR_NETWORK_CHANGED @ https://annualreport.haycarb.com/frames-mobile/frame_0006.webp:0
[ 1058447ms] [ERROR] Failed to load resource: net::ERR_NETWORK_CHANGED @ https://annualreport.haycarb.com/frames-mobile/frame_0007.webp:0
[ 1058448ms] [ERROR] Failed to load resource: net::ERR_NETWORK_CHANGED @ https://annualreport.haycarb.com/frames-mobile/frame_0029.webp:0
[ 1058448ms] [ERROR] Failed to load resource: net::ERR_NETWORK_CHANGED @ https://annualreport.haycarb.com/frames-mobile/frame_0046.webp:0
[ 1058448ms] [ERROR] Failed to load resource: net::ERR_NETWORK_CHANGED @ https://annualreport.haycarb.com/frames-mobile/frame_0041.webp:0
[ 1058449ms] [ERROR] Failed to load resource: net::ERR_NETWORK_CHANGED @ https://annualreport.haycarb.com/frames-mobile/frame_0022.webp:0
[ 1058449ms] [ERROR] Failed to load resource: net::ERR_NETWORK_CHANGED @ https://annualreport.haycarb.com/frames-mobile/frame_0034.webp:0
[ 1058449ms] [ERROR] Failed to load resource: net::ERR_NETWORK_CHANGED @ https://annualreport.haycarb.com/frames-mobile/frame_0024.webp:0
[ 1058449ms] [ERROR] Failed to load resource: net::ERR_NETWORK_CHANGED @ https://annualreport.haycarb.com/frames-mobile/frame_0028.webp:0
[ 1058449ms] [ERROR] Failed to load resource: net::ERR_NETWORK_CHANGED @ https://annualreport.haycarb.com/frames-mobile/frame_0045.webp:0
[ 1058449ms] [ERROR] Failed to load resource: net::ERR_NETWORK_CHANGED @ https://annualreport.haycarb.com/frames-mobile/frame_0040.webp:0
[ 1058451ms] [ERROR] Failed to load resource: net::ERR_NETWORK_CHANGED @ https://annualreport.haycarb.com/frames-mobile/frame_0026.webp:0
[ 1058452ms] [ERROR] Failed to load resource: net::ERR_NETWORK_CHANGED @ https://annualreport.haycarb.com/frames-mobile/frame_0048.webp:0
[ 1058452ms] [ERROR] Failed to load resource: net::ERR_NETWORK_CHANGED @ https://annualreport.haycarb.com/frames-mobile/frame_0037.webp:0
[ 1058452ms] [ERROR] Failed to load resource: net::ERR_NETWORK_CHANGED @ https://annualreport.haycarb.com/frames-mobile/frame_0030.webp:0
[ 1058452ms] [ERROR] Failed to load resource: net::ERR_NETWORK_CHANGED @ https://annualreport.haycarb.com/frames-mobile/frame_0021.webp:0
[ 1058452ms] [ERROR] Failed to load resource: net::ERR_NETWORK_CHANGED @ https://annualreport.haycarb.com/frames-mobile/frame_0050.webp:0
[ 1058452ms] [ERROR] Failed to load resource: net::ERR_NETWORK_CHANGED @ https://annualreport.haycarb.com/frames-mobile/frame_0031.webp:0
[ 1058452ms] [ERROR] Failed to load resource: net::ERR_NETWORK_CHANGED @ https://annualreport.haycarb.com/frames-mobile/frame_0032.webp:0
[ 1058452ms] [ERROR] Failed to load resource: net::ERR_NETWORK_CHANGED @ https://annualreport.haycarb.com/frames-mobile/frame_0039.webp:0
[ 1058453ms] [ERROR] Failed to load resource: net::ERR_NETWORK_CHANGED @ https://annualreport.haycarb.com/frames-mobile/frame_0042.webp:0
[ 1058453ms] [ERROR] Failed to load resource: net::ERR_NETWORK_CHANGED @ https://annualreport.haycarb.com/frames-mobile/frame_0047.webp:0
[ 1058453ms] [ERROR] Failed to load resource: net::ERR_NETWORK_CHANGED @ https://annualreport.haycarb.com/frames-mobile/frame_0035.webp:0
[ 1058453ms] [ERROR] Failed to load resource: net::ERR_NETWORK_CHANGED @ https://annualreport.haycarb.com/frames-mobile/frame_0025.webp:0
[ 1058453ms] [ERROR] Failed to load resource: net::ERR_NETWORK_CHANGED @ https://annualreport.haycarb.com/frames-mobile/frame_0023.webp:0
[ 1058453ms] [ERROR] Failed to load resource: net::ERR_NETWORK_CHANGED @ https://annualreport.haycarb.com/frames-mobile/frame_0043.webp:0
[ 1058456ms] [ERROR] Failed to load resource: net::ERR_NETWORK_CHANGED @ https://annualreport.haycarb.com/community/healthcare-support-negombo-general-hospital-renovation.jpg:0
[ 1058457ms] [ERROR] Failed to load resource: net::ERR_NETWORK_CHANGED @ https://annualreport.haycarb.com/community/eastern-province-coconut-seedling-distribution-programme.jpg:0
[ 1058458ms] [ERROR] Failed to load resource: net::ERR_NETWORK_CHANGED @ https://annualreport.haycarb.com/hero/intro.mp4:0
[ 1058459ms] [ERROR] Failed to load resource: net::ERR_NETWORK_CHANGED @ https://annualreport.haycarb.com/frames/frame_0238.webp:0
[ 1058459ms] [ERROR] Failed to load resource: net::ERR_NETWORK_CHANGED @ https://annualreport.haycarb.com/frames/frame_0239.webp:0
[ 1058460ms] [ERROR] Failed to load resource: net::ERR_NETWORK_CHANGED @ https://annualreport.haycarb.com/frames/frame_0240.webp:0
[ 1058461ms] [ERROR] Failed to load resource: net::ERR_NETWORK_CHANGED @ https://annualreport.haycarb.com/frames/frame_0227.webp:0
[ 1058475ms] [ERROR] Failed to load resource: net::ERR_INTERNET_DISCONNECTED @ https://annualreport.haycarb.com/frames-mobile/frame_0012.webp:0
[ 1058475ms] [ERROR] Failed to load resource: net::ERR_INTERNET_DISCONNECTED @ https://annualreport.haycarb.com/frames-mobile/frame_0013.webp:0
[ 1058476ms] [ERROR] Failed to load resource: net::ERR_INTERNET_DISCONNECTED @ https://annualreport.haycarb.com/frames-mobile/frame_0014.webp:0
[ 1058477ms] [ERROR] Failed to load resource: net::ERR_INTERNET_DISCONNECTED @ https://annualreport.haycarb.com/frames-mobile/frame_0015.webp:0
[ 1058477ms] [ERROR] Failed to load resource: net::ERR_INTERNET_DISCONNECTED @ https://annualreport.haycarb.com/frames-mobile/frame_0016.webp:0
[ 1058477ms] [ERROR] Failed to load resource: net::ERR_INTERNET_DISCONNECTED @ https://annualreport.haycarb.com/frames-mobile/frame_0017.webp:0
[ 1058489ms] [ERROR] Failed to load resource: net::ERR_INTERNET_DISCONNECTED @ https://annualreport.haycarb.com/frames-mobile/frame_0018.webp:0
[ 1058490ms] [ERROR] Failed to load resource: net::ERR_NETWORK_CHANGED @ https://annualreport.haycarb.com/audio/08-financial/total-assets.mp3:0
[ 1058491ms] [ERROR] Failed to load resource: net::ERR_NETWORK_CHANGED @ https://annualreport.haycarb.com/audio/08-financial/total-equity.mp3:0
[ 1058491ms] [ERROR] Failed to load resource: net::ERR_NETWORK_CHANGED @ https://annualreport.haycarb.com/audio/08-financial/return-on-equity.mp3:0
[ 1058492ms] [ERROR] Failed to load resource: net::ERR_NETWORK_CHANGED @ https://annualreport.haycarb.com/audio/08-financial/earnings-per-share.mp3:0
[ 1058503ms] [ERROR] Failed to load resource: net::ERR_INTERNET_DISCONNECTED @ https://annualreport.haycarb.com/frames-mobile/frame_0022.webp:0
[ 1058504ms] [ERROR] Failed to load resource: net::ERR_INTERNET_DISCONNECTED @ https://annualreport.haycarb.com/frames-mobile/frame_0023.webp:0
[ 1058504ms] [ERROR] Failed to load resource: net::ERR_INTERNET_DISCONNECTED @ https://annualreport.haycarb.com/frames-mobile/frame_0020.webp:0
[ 1058505ms] [ERROR] Failed to load resource: net::ERR_INTERNET_DISCONNECTED @ https://annualreport.haycarb.com/frames-mobile/frame_0021.webp:0
[ 1058505ms] [ERROR] Failed to load resource: net::ERR_INTERNET_DISCONNECTED @ https://annualreport.haycarb.com/frames-mobile/frame_0019.webp:0
[ 1058505ms] [ERROR] Failed to load resource: net::ERR_INTERNET_DISCONNECTED @ https://annualreport.haycarb.com/frames-mobile/frame_0024.webp:0
[ 1058517ms] [ERROR] Failed to load resource: net::ERR_INTERNET_DISCONNECTED @ https://annualreport.haycarb.com/frames-mobile/frame_0025.webp:0
[ 1058518ms] [ERROR] Failed to load resource: net::ERR_INTERNET_DISCONNECTED @ https://annualreport.haycarb.com/frames-mobile/frame_0028.webp:0
[ 1058518ms] [ERROR] Failed to load resource: net::ERR_INTERNET_DISCONNECTED @ https://annualreport.haycarb.com/frames-mobile/frame_0030.webp:0
[ 1058519ms] [ERROR] Failed to load resource: net::ERR_INTERNET_DISCONNECTED @ https://annualreport.haycarb.com/frames-mobile/frame_0029.webp:0
[ 1058519ms] [ERROR] Failed to load resource: net::ERR_INTERNET_DISCONNECTED @ https://annualreport.haycarb.com/frames-mobile/frame_0027.webp:0
[ 1058519ms] [ERROR] Failed to load resource: net::ERR_INTERNET_DISCONNECTED @ https://annualreport.haycarb.com/frames-mobile/frame_0026.webp:0
[ 1058532ms] [ERROR] Failed to load resource: net::ERR_INTERNET_DISCONNECTED @ https://annualreport.haycarb.com/frames-mobile/frame_0031.webp:0
[ 1058532ms] [ERROR] Failed to load resource: net::ERR_INTERNET_DISCONNECTED @ https://annualreport.haycarb.com/frames-mobile/frame_0034.webp:0
[ 1058533ms] [ERROR] Failed to load resource: net::ERR_INTERNET_DISCONNECTED @ https://annualreport.haycarb.com/frames-mobile/frame_0033.webp:0
[ 1058533ms] [ERROR] Failed to load resource: net::ERR_INTERNET_DISCONNECTED @ https://annualreport.haycarb.com/frames-mobile/frame_0032.webp:0
[ 1058534ms] [ERROR] Failed to load resource: net::ERR_INTERNET_DISCONNECTED @ https://annualreport.haycarb.com/frames-mobile/frame_0036.webp:0
[ 1058534ms] [ERROR] Failed to load resource: net::ERR_INTERNET_DISCONNECTED @ https://annualreport.haycarb.com/frames-mobile/frame_0035.webp:0
[ 1058548ms] [ERROR] Failed to load resource: net::ERR_INTERNET_DISCONNECTED @ https://annualreport.haycarb.com/frames-mobile/frame_0037.webp:0
[ 1058548ms] [ERROR] Failed to load resource: net::ERR_INTERNET_DISCONNECTED @ https://annualreport.haycarb.com/frames-mobile/frame_0042.webp:0
[ 1058548ms] [ERROR] Failed to load resource: net::ERR_INTERNET_DISCONNECTED @ https://annualreport.haycarb.com/frames-mobile/frame_0040.webp:0
[ 1058549ms] [ERROR] Failed to load resource: net::ERR_INTERNET_DISCONNECTED @ https://annualreport.haycarb.com/frames-mobile/frame_0041.webp:0
[ 1058549ms] [ERROR] Failed to load resource: net::ERR_INTERNET_DISCONNECTED @ https://annualreport.haycarb.com/frames-mobile/frame_0038.webp:0
[ 1058550ms] [ERROR] Failed to load resource: net::ERR_INTERNET_DISCONNECTED @ https://annualreport.haycarb.com/frames-mobile/frame_0039.webp:0
[ 1058563ms] [ERROR] Failed to load resource: net::ERR_INTERNET_DISCONNECTED @ https://annualreport.haycarb.com/frames-mobile/frame_0043.webp:0
[ 1058563ms] [ERROR] Failed to load resource: net::ERR_INTERNET_DISCONNECTED @ https://annualreport.haycarb.com/frames-mobile/frame_0044.webp:0
[ 1058564ms] [ERROR] Failed to load resource: net::ERR_INTERNET_DISCONNECTED @ https://annualreport.haycarb.com/frames-mobile/frame_0045.webp:0
[ 1058564ms] [ERROR] Failed to load resource: net::ERR_INTERNET_DISCONNECTED @ https://annualreport.haycarb.com/frames-mobile/frame_0048.webp:0
[ 1058564ms] [ERROR] Failed to load resource: net::ERR_INTERNET_DISCONNECTED @ https://annualreport.haycarb.com/frames-mobile/frame_0046.webp:0
[ 1058565ms] [ERROR] Failed to load resource: net::ERR_INTERNET_DISCONNECTED @ https://annualreport.haycarb.com/frames-mobile/frame_0047.webp:0
[ 1058577ms] [ERROR] Failed to load resource: net::ERR_INTERNET_DISCONNECTED @ https://annualreport.haycarb.com/frames-mobile/frame_0049.webp:0
[ 1058578ms] [ERROR] Failed to load resource: net::ERR_INTERNET_DISCONNECTED @ https://annualreport.haycarb.com/frames-mobile/frame_0052.webp:0
[ 1058578ms] [ERROR] Failed to load resource: net::ERR_INTERNET_DISCONNECTED @ https://annualreport.haycarb.com/frames-mobile/frame_0051.webp:0
[ 1058579ms] [ERROR] Failed to load resource: net::ERR_INTERNET_DISCONNECTED @ https://annualreport.haycarb.com/frames-mobile/frame_0054.webp:0
[ 1058579ms] [ERROR] Failed to load resource: net::ERR_INTERNET_DISCONNECTED @ https://annualreport.haycarb.com/frames-mobile/frame_0050.webp:0
[ 1058579ms] [ERROR] Failed to load resource: net::ERR_INTERNET_DISCONNECTED @ https://annualreport.haycarb.com/frames-mobile/frame_0053.webp:0
[ 1058592ms] [ERROR] Failed to load resource: net::ERR_INTERNET_DISCONNECTED @ https://annualreport.haycarb.com/frames-mobile/frame_0055.webp:0
[ 1058592ms] [ERROR] Failed to load resource: net::ERR_INTERNET_DISCONNECTED @ https://annualreport.haycarb.com/frames-mobile/frame_0060.webp:0
[ 1058593ms] [ERROR] Failed to load resource: net::ERR_INTERNET_DISCONNECTED @ https://annualreport.haycarb.com/frames-mobile/frame_0057.webp:0
[ 1058593ms] [ERROR] Failed to load resource: net::ERR_INTERNET_DISCONNECTED @ https://annualreport.haycarb.com/frames-mobile/frame_0059.webp:0
[ 1058593ms] [ERROR] Failed to load resource: net::ERR_INTERNET_DISCONNECTED @ https://annualreport.haycarb.com/frames-mobile/frame_0058.webp:0
[ 1058594ms] [ERROR] Failed to load resource: net::ERR_INTERNET_DISCONNECTED @ https://annualreport.haycarb.com/frames-mobile/frame_0056.webp:0
[ 1058607ms] [ERROR] Failed to load resource: net::ERR_INTERNET_DISCONNECTED @ https://annualreport.haycarb.com/frames-mobile/frame_0061.webp:0
[ 1058607ms] [ERROR] Failed to load resource: net::ERR_INTERNET_DISCONNECTED @ https://annualreport.haycarb.com/frames-mobile/frame_0066.webp:0
[ 1058608ms] [ERROR] Failed to load resource: net::ERR_INTERNET_DISCONNECTED @ https://annualreport.haycarb.com/frames-mobile/frame_0064.webp:0
[ 1058608ms] [ERROR] Failed to load resource: net::ERR_INTERNET_DISCONNECTED @ https://annualreport.haycarb.com/frames-mobile/frame_0062.webp:0
[ 1058608ms] [ERROR] Failed to load resource: net::ERR_INTERNET_DISCONNECTED @ https://annualreport.haycarb.com/frames-mobile/frame_0063.webp:0
[ 1058609ms] [ERROR] Failed to load resource: net::ERR_INTERNET_DISCONNECTED @ https://annualreport.haycarb.com/frames-mobile/frame_0065.webp:0
[ 1058624ms] [ERROR] Failed to load resource: net::ERR_INTERNET_DISCONNECTED @ https://annualreport.haycarb.com/frames-mobile/frame_0067.webp:0
[ 1058624ms] [ERROR] Failed to load resource: net::ERR_NETWORK_CHANGED @ https://annualreport.haycarb.com/frames-mobile/frame_0072.webp:0
[ 1058625ms] [ERROR] Failed to load resource: net::ERR_NETWORK_CHANGED @ https://annualreport.haycarb.com/frames-mobile/frame_0068.webp:0
[ 1058625ms] [ERROR] Failed to load resource: net::ERR_NETWORK_CHANGED @ https://annualreport.haycarb.com/frames-mobile/frame_0070.webp:0
[ 1058625ms] [ERROR] Failed to load resource: net::ERR_NETWORK_CHANGED @ https://annualreport.haycarb.com/frames-mobile/frame_0069.webp:0
[ 1058626ms] [ERROR] Failed to load resource: net::ERR_NETWORK_CHANGED @ https://annualreport.haycarb.com/frames-mobile/frame_0071.webp:0
[ 1058639ms] [ERROR] Failed to load resource: net::ERR_INTERNET_DISCONNECTED @ https://annualreport.haycarb.com/frames-mobile/frame_0073.webp:0
[ 1058640ms] [ERROR] Failed to load resource: net::ERR_INTERNET_DISCONNECTED @ https://annualreport.haycarb.com/frames-mobile/frame_0078.webp:0
[ 1058640ms] [ERROR] Failed to load resource: net::ERR_INTERNET_DISCONNECTED @ https://annualreport.haycarb.com/frames-mobile/frame_0074.webp:0
[ 1058640ms] [ERROR] Failed to load resource: net::ERR_INTERNET_DISCONNECTED @ https://annualreport.haycarb.com/frames-mobile/frame_0076.webp:0
[ 1058641ms] [ERROR] Failed to load resource: net::ERR_INTERNET_DISCONNECTED @ https://annualreport.haycarb.com/frames-mobile/frame_0077.webp:0
[ 1058641ms] [ERROR] Failed to load resource: net::ERR_INTERNET_DISCONNECTED @ https://annualreport.haycarb.com/frames-mobile/frame_0075.webp:0
[ 1058655ms] [ERROR] Failed to load resource: net::ERR_INTERNET_DISCONNECTED @ https://annualreport.haycarb.com/frames-mobile/frame_0079.webp:0
[ 1058655ms] [ERROR] Failed to load resource: net::ERR_INTERNET_DISCONNECTED @ https://annualreport.haycarb.com/frames-mobile/frame_0084.webp:0
[ 1058656ms] [ERROR] Failed to load resource: net::ERR_INTERNET_DISCONNECTED @ https://annualreport.haycarb.com/frames-mobile/frame_0082.webp:0
[ 1058656ms] [ERROR] Failed to load resource: net::ERR_INTERNET_DISCONNECTED @ https://annualreport.haycarb.com/frames-mobile/frame_0083.webp:0
[ 1058656ms] [ERROR] Failed to load resource: net::ERR_INTERNET_DISCONNECTED @ https://annualreport.haycarb.com/frames-mobile/frame_0081.webp:0
[ 1058657ms] [ERROR] Failed to load resource: net::ERR_INTERNET_DISCONNECTED @ https://annualreport.haycarb.com/frames-mobile/frame_0080.webp:0
[ 1058669ms] [ERROR] Failed to load resource: net::ERR_INTERNET_DISCONNECTED @ https://annualreport.haycarb.com/frames-mobile/frame_0085.webp:0
[ 1058670ms] [ERROR] Failed to load resource: net::ERR_INTERNET_DISCONNECTED @ https://annualreport.haycarb.com/frames-mobile/frame_0090.webp:0
[ 1058670ms] [ERROR] Failed to load resource: net::ERR_INTERNET_DISCONNECTED @ https://annualreport.haycarb.com/frames-mobile/frame_0088.webp:0
[ 1058671ms] [ERROR] Failed to load resource: net::ERR_INTERNET_DISCONNECTED @ https://annualreport.haycarb.com/frames-mobile/frame_0087.webp:0
[ 1058671ms] [ERROR] Failed to load resource: net::ERR_INTERNET_DISCONNECTED @ https://annualreport.haycarb.com/frames-mobile/frame_0089.webp:0
[ 1058671ms] [ERROR] Failed to load resource: net::ERR_INTERNET_DISCONNECTED @ https://annualreport.haycarb.com/frames-mobile/frame_0086.webp:0
[ 1058686ms] [ERROR] Failed to load resource: net::ERR_INTERNET_DISCONNECTED @ https://annualreport.haycarb.com/frames-mobile/frame_0091.webp:0
[ 1058686ms] [ERROR] Failed to load resource: net::ERR_INTERNET_DISCONNECTED @ https://annualreport.haycarb.com/frames-mobile/frame_0096.webp:0
[ 1058686ms] [ERROR] Failed to load resource: net::ERR_INTERNET_DISCONNECTED @ https://annualreport.haycarb.com/frames-mobile/frame_0093.webp:0
[ 1058687ms] [ERROR] Failed to load resource: net::ERR_INTERNET_DISCONNECTED @ https://annualreport.haycarb.com/frames-mobile/frame_0092.webp:0
[ 1058687ms] [ERROR] Failed to load resource: net::ERR_INTERNET_DISCONNECTED @ https://annualreport.haycarb.com/frames-mobile/frame_0094.webp:0
[ 1058688ms] [ERROR] Failed to load resource: net::ERR_INTERNET_DISCONNECTED @ https://annualreport.haycarb.com/frames-mobile/frame_0095.webp:0
[ 1058703ms] [ERROR] Failed to load resource: net::ERR_INTERNET_DISCONNECTED @ https://annualreport.haycarb.com/frames-mobile/frame_0097.webp:0
[ 1058703ms] [ERROR] Failed to load resource: net::ERR_INTERNET_DISCONNECTED @ https://annualreport.haycarb.com/frames-mobile/frame_0102.webp:0
[ 1058704ms] [ERROR] Failed to load resource: net::ERR_INTERNET_DISCONNECTED @ https://annualreport.haycarb.com/frames-mobile/frame_0099.webp:0
[ 1058704ms] [ERROR] Failed to load resource: net::ERR_INTERNET_DISCONNECTED @ https://annualreport.haycarb.com/frames-mobile/frame_0098.webp:0
[ 1058704ms] [ERROR] Failed to load resource: net::ERR_INTERNET_DISCONNECTED @ https://annualreport.haycarb.com/frames-mobile/frame_0101.webp:0
[ 1058705ms] [ERROR] Failed to load resource: net::ERR_INTERNET_DISCONNECTED @ https://annualreport.haycarb.com/frames-mobile/frame_0100.webp:0
[ 1058720ms] [ERROR] Failed to load resource: net::ERR_INTERNET_DISCONNECTED @ https://annualreport.haycarb.com/frames-mobile/frame_0103.webp:0
[ 1058721ms] [ERROR] Failed to load resource: net::ERR_INTERNET_DISCONNECTED @ https://annualreport.haycarb.com/frames-mobile/frame_0108.webp:0
[ 1058721ms] [ERROR] Failed to load resource: net::ERR_INTERNET_DISCONNECTED @ https://annualreport.haycarb.com/frames-mobile/frame_0106.webp:0
[ 1058722ms] [ERROR] Failed to load resource: net::ERR_INTERNET_DISCONNECTED @ https://annualreport.haycarb.com/frames-mobile/frame_0107.webp:0
[ 1058722ms] [ERROR] Failed to load resource: net::ERR_INTERNET_DISCONNECTED @ https://annualreport.haycarb.com/frames-mobile/frame_0105.webp:0
[ 1058722ms] [ERROR] Failed to load resource: net::ERR_INTERNET_DISCONNECTED @ https://annualreport.haycarb.com/frames-mobile/frame_0104.webp:0
[ 1058735ms] [ERROR] Failed to load resource: net::ERR_INTERNET_DISCONNECTED @ https://annualreport.haycarb.com/frames-mobile/frame_0109.webp:0
[ 1058736ms] [ERROR] Failed to load resource: net::ERR_INTERNET_DISCONNECTED @ https://annualreport.haycarb.com/frames-mobile/frame_0114.webp:0
[ 1058736ms] [ERROR] Failed to load resource: net::ERR_INTERNET_DISCONNECTED @ https://annualreport.haycarb.com/frames-mobile/frame_0110.webp:0
[ 1058737ms] [ERROR] Failed to load resource: net::ERR_INTERNET_DISCONNECTED @ https://annualreport.haycarb.com/frames-mobile/frame_0112.webp:0
[ 1058737ms] [ERROR] Failed to load resource: net::ERR_INTERNET_DISCONNECTED @ https://annualreport.haycarb.com/frames-mobile/frame_0111.webp:0
[ 1058737ms] [ERROR] Failed to load resource: net::ERR_INTERNET_DISCONNECTED @ https://annualreport.haycarb.com/frames-mobile/frame_0113.webp:0
[ 1058754ms] [ERROR] Failed to load resource: net::ERR_INTERNET_DISCONNECTED @ https://annualreport.haycarb.com/frames-mobile/frame_0115.webp:0
[ 1058754ms] [ERROR] Failed to load resource: net::ERR_INTERNET_DISCONNECTED @ https://annualreport.haycarb.com/frames-mobile/frame_0120.webp:0
[ 1058755ms] [ERROR] Failed to load resource: net::ERR_INTERNET_DISCONNECTED @ https://annualreport.haycarb.com/frames-mobile/frame_0117.webp:0
[ 1058755ms] [ERROR] Failed to load resource: net::ERR_INTERNET_DISCONNECTED @ https://annualreport.haycarb.com/frames-mobile/frame_0116.webp:0
[ 1058755ms] [ERROR] Failed to load resource: net::ERR_INTERNET_DISCONNECTED @ https://annualreport.haycarb.com/frames-mobile/frame_0118.webp:0
[ 1058756ms] [ERROR] Failed to load resource: net::ERR_INTERNET_DISCONNECTED @ https://annualreport.haycarb.com/frames-mobile/frame_0119.webp:0
[ 1058769ms] [ERROR] Failed to load resource: net::ERR_INTERNET_DISCONNECTED @ https://annualreport.haycarb.com/frames-mobile/frame_0121.webp:0
[ 1058769ms] [ERROR] Failed to load resource: net::ERR_INTERNET_DISCONNECTED @ https://annualreport.haycarb.com/frames-mobile/frame_0126.webp:0
[ 1058770ms] [ERROR] Failed to load resource: net::ERR_INTERNET_DISCONNECTED @ https://annualreport.haycarb.com/frames-mobile/frame_0122.webp:0
[ 1058770ms] [ERROR] Failed to load resource: net::ERR_INTERNET_DISCONNECTED @ https://annualreport.haycarb.com/frames-mobile/frame_0124.webp:0
[ 1058770ms] [ERROR] Failed to load resource: net::ERR_INTERNET_DISCONNECTED @ https://annualreport.haycarb.com/frames-mobile/frame_0125.webp:0
[ 1058771ms] [ERROR] Failed to load resource: net::ERR_INTERNET_DISCONNECTED @ https://annualreport.haycarb.com/frames-mobile/frame_0123.webp:0
[ 1058785ms] [ERROR] Failed to load resource: net::ERR_INTERNET_DISCONNECTED @ https://annualreport.haycarb.com/frames-mobile/frame_0127.webp:0
[ 1058785ms] [ERROR] Failed to load resource: net::ERR_INTERNET_DISCONNECTED @ https://annualreport.haycarb.com/frames-mobile/frame_0132.webp:0
[ 1058785ms] [ERROR] Failed to load resource: net::ERR_INTERNET_DISCONNECTED @ https://annualreport.haycarb.com/frames-mobile/frame_0130.webp:0
[ 1058786ms] [ERROR] Failed to load resource: net::ERR_INTERNET_DISCONNECTED @ https://annualreport.haycarb.com/frames-mobile/frame_0131.webp:0
[ 1058786ms] [ERROR] Failed to load resource: net::ERR_INTERNET_DISCONNECTED @ https://annualreport.haycarb.com/frames-mobile/frame_0129.webp:0
[ 1058787ms] [ERROR] Failed to load resource: net::ERR_INTERNET_DISCONNECTED @ https://annualreport.haycarb.com/frames-mobile/frame_0128.webp:0
[ 1058787ms] [ERROR] Failed to load resource: net::ERR_INTERNET_DISCONNECTED @ https://annualreport.haycarb.com/hero/intro.mp4:0
[ 1058804ms] [ERROR] Failed to load resource: net::ERR_INTERNET_DISCONNECTED @ https://annualreport.haycarb.com/frames-mobile/frame_0133.webp:0
[ 1058804ms] [ERROR] Failed to load resource: net::ERR_INTERNET_DISCONNECTED @ https://annualreport.haycarb.com/frames-mobile/frame_0135.webp:0
[ 1058805ms] [ERROR] Failed to load resource: net::ERR_INTERNET_DISCONNECTED @ https://annualreport.haycarb.com/frames-mobile/frame_0134.webp:0
[ 1058805ms] [ERROR] Failed to load resource: net::ERR_INTERNET_DISCONNECTED @ https://annualreport.haycarb.com/frames-mobile/frame_0138.webp:0
[ 1058806ms] [ERROR] Failed to load resource: net::ERR_INTERNET_DISCONNECTED @ https://annualreport.haycarb.com/frames-mobile/frame_0136.webp:0
[ 1058806ms] [ERROR] Failed to load resource: net::ERR_INTERNET_DISCONNECTED @ https://annualreport.haycarb.com/frames-mobile/frame_0137.webp:0
[ 1058806ms] [ERROR] Failed to load resource: net::ERR_INTERNET_DISCONNECTED @ https://annualreport.haycarb.com/audio/08-financial/total-assets.mp3:0
[ 1058807ms] [ERROR] Failed to load resource: net::ERR_INTERNET_DISCONNECTED @ https://annualreport.haycarb.com/audio/08-financial/total-equity.mp3:0
[ 1058807ms] [ERROR] Failed to load resource: net::ERR_INTERNET_DISCONNECTED @ https://annualreport.haycarb.com/audio/08-financial/return-on-equity.mp3:0
[ 1058820ms] [ERROR] Failed to load resource: net::ERR_INTERNET_DISCONNECTED @ https://annualreport.haycarb.com/frames-mobile/frame_0139.webp:0
[ 1058820ms] [ERROR] Failed to load resource: net::ERR_INTERNET_DISCONNECTED @ https://annualreport.haycarb.com/frames-mobile/frame_0144.webp:0
[ 1058821ms] [ERROR] Failed to load resource: net::ERR_INTERNET_DISCONNECTED @ https://annualreport.haycarb.com/frames-mobile/frame_0140.webp:0
[ 1058821ms] [ERROR] Failed to load resource: net::ERR_INTERNET_DISCONNECTED @ https://annualreport.haycarb.com/frames-mobile/frame_0141.webp:0
[ 1058821ms] [ERROR] Failed to load resource: net::ERR_INTERNET_DISCONNECTED @ https://annualreport.haycarb.com/frames-mobile/frame_0142.webp:0
[ 1058822ms] [ERROR] Failed to load resource: net::ERR_INTERNET_DISCONNECTED @ https://annualreport.haycarb.com/frames-mobile/frame_0143.webp:0
[ 1058822ms] [ERROR] Failed to load resource: net::ERR_INTERNET_DISCONNECTED @ https://annualreport.haycarb.com/audio/08-financial/earnings-per-share.mp3:0
[ 1059092ms] [ERROR] Failed to load resource: net::ERR_NETWORK_CHANGED @ https://annualreport.haycarb.com/frames-mobile/frame_0145.webp:0
[ 1059872ms] [ERROR] Failed to load resource: net::ERR_NETWORK_CHANGED @ https://annualreport.haycarb.com/frames-mobile/frame_0146.webp:0
[ 1059873ms] [ERROR] Failed to load resource: net::ERR_NETWORK_CHANGED @ https://annualreport.haycarb.com/frames-mobile/frame_0147.webp:0
[ 1059873ms] [ERROR] Failed to load resource: net::ERR_NETWORK_CHANGED @ https://annualreport.haycarb.com/frames-mobile/frame_0148.webp:0
[ 1059873ms] [ERROR] Failed to load resource: net::ERR_NETWORK_CHANGED @ https://annualreport.haycarb.com/frames-mobile/frame_0151.webp:0
[ 1059874ms] [ERROR] Failed to load resource: net::ERR_NETWORK_CHANGED @ https://annualreport.haycarb.com/frames-mobile/frame_0150.webp:0
[ 1059874ms] [ERROR] Failed to load resource: net::ERR_NETWORK_CHANGED @ https://annualreport.haycarb.com/hero/intro.mp4:0
[ 1059874ms] [ERROR] Failed to load resource: net::ERR_NETWORK_CHANGED @ https://annualreport.haycarb.com/frames-mobile/frame_0149.webp:0
[ 1059875ms] [ERROR] Failed to load resource: net::ERR_NETWORK_CHANGED @ https://annualreport.haycarb.com/audio/08-financial/total-equity.mp3:0
[ 1059875ms] [ERROR] Failed to load resource: net::ERR_NETWORK_CHANGED @ https://annualreport.haycarb.com/audio/08-financial/total-assets.mp3:0
[ 1059875ms] [ERROR] Failed to load resource: net::ERR_NETWORK_CHANGED @ https://annualreport.haycarb.com/audio/08-financial/return-on-equity.mp3:0
[ 1059875ms] [ERROR] Failed to load resource: net::ERR_NETWORK_CHANGED @ https://annualreport.haycarb.com/audio/08-financial/earnings-per-share.mp3:0
[ 1059956ms] [ERROR] Failed to load resource: net::ERR_NETWORK_CHANGED @ https://annualreport.haycarb.com/frames-mobile/frame_0152.webp:0
[ 1061088ms] [ERROR] Failed to load resource: the server responded with a status of 404 () @ https://annualreport.haycarb.com/frames-mobile/frame_0156.webp:0
[ 1061870ms] [ERROR] Failed to load resource: net::ERR_NETWORK_CHANGED @ https://annualreport.haycarb.com/hero/intro.mp4:0
[ 1061871ms] [ERROR] Failed to load resource: net::ERR_NETWORK_CHANGED @ https://annualreport.haycarb.com/frames-mobile/frame_0157.webp:0
[ 1061872ms] [ERROR] Failed to load resource: net::ERR_NETWORK_CHANGED @ https://annualreport.haycarb.com/frames-mobile/frame_0158.webp:0
[ 1061873ms] [ERROR] Failed to load resource: net::ERR_NETWORK_CHANGED @ https://annualreport.haycarb.com/frames-mobile/frame_0154.webp:0
[ 1061874ms] [ERROR] Failed to load resource: net::ERR_NETWORK_CHANGED @ https://annualreport.haycarb.com/frames-mobile/frame_0153.webp:0
[ 1061874ms] [ERROR] Failed to load resource: net::ERR_NETWORK_CHANGED @ https://annualreport.haycarb.com/frames-mobile/frame_0155.webp:0
[ 1061875ms] [ERROR] Failed to load resource: net::ERR_NETWORK_CHANGED @ https://annualreport.haycarb.com/frames-mobile/frame_0159.webp:0
[ 1061876ms] [ERROR] Failed to load resource: net::ERR_NETWORK_CHANGED @ https://annualreport.haycarb.com/audio/08-financial/total-equity.mp3:0
[ 1061876ms] [ERROR] Failed to load resource: net::ERR_NETWORK_CHANGED @ https://annualreport.haycarb.com/audio/08-financial/return-on-equity.mp3:0
[ 1061877ms] [ERROR] Failed to load resource: net::ERR_NETWORK_CHANGED @ https://annualreport.haycarb.com/audio/08-financial/total-assets.mp3:0
[ 1063783ms] [ERROR] Failed to load resource: the server responded with a status of 404 () @ https://annualreport.haycarb.com/frames-mobile/frame_0160.webp:0
[ 1063784ms] [ERROR] Failed to load resource: the server responded with a status of 404 () @ https://annualreport.haycarb.com/frames-mobile/frame_0163.webp:0
[ 1063786ms] [ERROR] Failed to load resource: the server responded with a status of 404 () @ https://annualreport.haycarb.com/frames-mobile/frame_0164.webp:0
